areas/limbo1.are
areas/smurf.are
areas/plains.are
areas/ofcol2.are
areas/pkillarn.are
areas/scint.are
areas/olympus.are
areas/air.are
areas/shire.are
areas/hitower.are
areas/gnome.are
areas/wyvern.are
areas/handel.are
areas/catacomb.are
areas/hood.are
areas/draconia.are
areas/mahntor.are
areas/melynda.are
areas/sov2.are
areas/trollden.are
areas/midgaard.are
areas/arrakis.are
areas/chapel.are
areas/midennir.are
areas/grave.are
areas/school.are
areas/satin.are
areas/moria.are
areas/honor.are
areas/circle2.are
areas/balance.are
areas/macleod.are
areas/scint2.are
areas/legionc.are
areas/eastern.are
areas/drow.are
areas/thalos.are
areas/mirror.are
areas/haon.are
newareas/arachnos.are
areas/ecl.are
areas/dwarven.are
areas/daycare.are
areas/earend1.are
areas/quifael.are
areas/sewer.are
areas/astral.are
areas/valley.are
areas/mega1.are
areas/marsh.are
areas/dream.are
areas/pyramid.are
areas/whore.are
areas/grove.are
areas/dylan.are
areas/canyon.are
areas/galaxy.are
areas/newthalos.are
areas/bloodmoo.are
areas/cwarsbb.are
areas/lostcat.are
areas/gypcam.are
areas/rebby.are
areas/banshee.are
newareas/matook.are
areas/bunion.are
areas/soggy.are
areas/tallt.are
areas/windr.are
areas/daisy.are
areas/nova.are
areas/blerg.are
areas/forbid.are
areas/bluet.are
areas/alu2area.are
areas/alucard.are
areas/daisy2.are
areas/johnwa.are
areas/elfprint.are
areas/yukon.are
areas/lycan.are
areas/nobody.are
areas/buldtown.are
areas/guido.are
areas/themes.are
areas/doofie.are
areas/doofie2.are
areas/cyberd1.are
areas/khira2.are
areas/khicaves.are
areas/poquah.are
areas/elenar.are
areas/anarchy2.are
areas/newbb.are
areas/wyvriver.are
areas/rage10.are
areas/rage11.are
areas/slod3.are
areas/luria3.are
areas/valder1.are
newareas/dallas2.are
newareas/nimthas1.are
newareas/scint2.are
newareas/hobkin1.are
newareas/halo1.are
areas/alagastr.are
newareas/redferne1.are
areas/nirvana.are
newareas/seog1.are
areas/bdemise.are
newareas/alag3.are